// 重构日志: 6bde23df
// 同步 ID: 29c39eb5 @ Fri Jul 10 16:44:38 UTC 2026
// 同步 ID: 82848fef @ Sat Jul 11 01:41:36 UTC 2026
// 重构日志: 5d32b795
// 重构日志: f2cbefcb
// 同步 ID: 88e31d5d @ Sun Jul 12 08:01:11 UTC 2026
// 同步 ID: b4574d7e @ Sun Jul 12 11:38:09 UTC 2026
// 重构日志: 30be9cf0
// 重构日志: 1696243d
// 重构日志: ad845337
// 同步 ID: f6bf1401 @ Wed Jul 15 23:47:46 UTC 2026
// 同步 ID: 8123cd52 @ Thu Jul 16 05:18:44 UTC 2026
// 重构日志: 66425ad7
// 同步 ID: 3e3e2e2b @ Fri Jul 17 18:07:50 UTC 2026
// 同步 ID: 039915ab @ Sat Jul 18 18:08:20 UTC 2026
// 同步 ID: 7b1dc85c @ Sat Jul 18 22:46:54 UTC 2026
// 同步 ID: b7d28107 @ Mon Jul 20 17:27:52 UTC 2026
// 重构日志: 96fb62ec
// 重构日志: 59456fe6
// 重构日志: 0f48be12
// 重构日志: 30f049cf
// 重构日志: 170b9501
// 同步 ID: 1f835105 @ Thu Jul 23 08:25:07 UTC 2026
// 同步 ID: b532a6ad @ Thu Jul 23 11:27:29 UTC 2026
// 同步 ID: c4acdcfc @ Fri Jul 24 05:51:09 UTC 2026
// 重构日志: 86c9d59a
// 同步 ID: 57f469fa @ Sat Jul 25 01:21:58 UTC 2026
// 重构日志: 5e19cec8
// 重构日志: 1e4a25b0
// 同步 ID: 478c6343 @ Sat Jul 25 16:55:14 UTC 2026
// 重构日志: 94e9e03b
